Archive member included to satisfy reference by file (symbol)

/Applications/STM32CubeIDE.app/Contents/Eclipse/plugins/com.st.stm32cube.ide.mcu.externaltools.gnu-tools-for-stm32.10.3-2021.10.macos64_1.0.200.202301161003/tools/bin/../lib/gcc/arm-none-eabi/10.3.1/../../../../arm-none-eabi/lib/thumb/v7e-m/nofp/libc_nano.a(lib_a-errno.o)
                              ./Src/syscalls.o (__errno)
/Applications/STM32CubeIDE.app/Contents/Eclipse/plugins/com.st.stm32cube.ide.mcu.externaltools.gnu-tools-for-stm32.10.3-2021.10.macos64_1.0.200.202301161003/tools/bin/../lib/gcc/arm-none-eabi/10.3.1/../../../../arm-none-eabi/lib/thumb/v7e-m/nofp/libc_nano.a(lib_a-exit.o)
                              /Applications/STM32CubeIDE.app/Contents/Eclipse/plugins/com.st.stm32cube.ide.mcu.externaltools.gnu-tools-for-stm32.10.3-2021.10.macos64_1.0.200.202301161003/tools/bin/../lib/gcc/arm-none-eabi/10.3.1/../../../../arm-none-eabi/lib/thumb/v7e-m/nofp/crt0.o (exit)
/Applications/STM32CubeIDE.app/Contents/Eclipse/plugins/com.st.stm32cube.ide.mcu.externaltools.gnu-tools-for-stm32.10.3-2021.10.macos64_1.0.200.202301161003/tools/bin/../lib/gcc/arm-none-eabi/10.3.1/../../../../arm-none-eabi/lib/thumb/v7e-m/nofp/libc_nano.a(lib_a-impure.o)
                              /Applications/STM32CubeIDE.app/Contents/Eclipse/plugins/com.st.stm32cube.ide.mcu.externaltools.gnu-tools-for-stm32.10.3-2021.10.macos64_1.0.200.202301161003/tools/bin/../lib/gcc/arm-none-eabi/10.3.1/../../../../arm-none-eabi/lib/thumb/v7e-m/nofp/libc_nano.a(lib_a-exit.o) (_global_impure_ptr)
/Applications/STM32CubeIDE.app/Contents/Eclipse/plugins/com.st.stm32cube.ide.mcu.externaltools.gnu-tools-for-stm32.10.3-2021.10.macos64_1.0.200.202301161003/tools/bin/../lib/gcc/arm-none-eabi/10.3.1/../../../../arm-none-eabi/lib/thumb/v7e-m/nofp/libc_nano.a(lib_a-init.o)
                              /Applications/STM32CubeIDE.app/Contents/Eclipse/plugins/com.st.stm32cube.ide.mcu.externaltools.gnu-tools-for-stm32.10.3-2021.10.macos64_1.0.200.202301161003/tools/bin/../lib/gcc/arm-none-eabi/10.3.1/../../../../arm-none-eabi/lib/thumb/v7e-m/nofp/crt0.o (__libc_init_array)
/Applications/STM32CubeIDE.app/Contents/Eclipse/plugins/com.st.stm32cube.ide.mcu.externaltools.gnu-tools-for-stm32.10.3-2021.10.macos64_1.0.200.202301161003/tools/bin/../lib/gcc/arm-none-eabi/10.3.1/../../../../arm-none-eabi/lib/thumb/v7e-m/nofp/libc_nano.a(lib_a-memset.o)
                              /Applications/STM32CubeIDE.app/Contents/Eclipse/plugins/com.st.stm32cube.ide.mcu.externaltools.gnu-tools-for-stm32.10.3-2021.10.macos64_1.0.200.202301161003/tools/bin/../lib/gcc/arm-none-eabi/10.3.1/../../../../arm-none-eabi/lib/thumb/v7e-m/nofp/crt0.o (memset)

Discarded input sections

 .text          0x0000000000000000        0x0 /Applications/STM32CubeIDE.app/Contents/Eclipse/plugins/com.st.stm32cube.ide.mcu.externaltools.gnu-tools-for-stm32.10.3-2021.10.macos64_1.0.200.202301161003/tools/bin/../lib/gcc/arm-none-eabi/10.3.1/thumb/v7e-m/nofp/crti.o
 .data          0x0000000000000000        0x0 /Applications/STM32CubeIDE.app/Contents/Eclipse/plugins/com.st.stm32cube.ide.mcu.externaltools.gnu-tools-for-stm32.10.3-2021.10.macos64_1.0.200.202301161003/tools/bin/../lib/gcc/arm-none-eabi/10.3.1/thumb/v7e-m/nofp/crti.o
 .bss           0x0000000000000000        0x0 /Applications/STM32CubeIDE.app/Contents/Eclipse/plugins/com.st.stm32cube.ide.mcu.externaltools.gnu-tools-for-stm32.10.3-2021.10.macos64_1.0.200.202301161003/tools/bin/../lib/gcc/arm-none-eabi/10.3.1/thumb/v7e-m/nofp/crti.o
 .data          0x0000000000000000        0x4 /Applications/STM32CubeIDE.app/Contents/Eclipse/plugins/com.st.stm32cube.ide.mcu.externaltools.gnu-tools-for-stm32.10.3-2021.10.macos64_1.0.200.202301161003/tools/bin/../lib/gcc/arm-none-eabi/10.3.1/thumb/v7e-m/nofp/crtbegin.o
 .rodata        0x0000000000000000       0x24 /Applications/STM32CubeIDE.app/Contents/Eclipse/plugins/com.st.stm32cube.ide.mcu.externaltools.gnu-tools-for-stm32.10.3-2021.10.macos64_1.0.200.202301161003/tools/bin/../lib/gcc/arm-none-eabi/10.3.1/thumb/v7e-m/nofp/crtbegin.o
 .text          0x0000000000000000       0x7c /Applications/STM32CubeIDE.app/Contents/Eclipse/plugins/com.st.stm32cube.ide.mcu.externaltools.gnu-tools-for-stm32.10.3-2021.10.macos64_1.0.200.202301161003/tools/bin/../lib/gcc/arm-none-eabi/10.3.1/../../../../arm-none-eabi/lib/thumb/v7e-m/nofp/crt0.o
 .data          0x0000000000000000        0x0 /Applications/STM32CubeIDE.app/Contents/Eclipse/plugins/com.st.stm32cube.ide.mcu.externaltools.gnu-tools-for-stm32.10.3-2021.10.macos64_1.0.200.202301161003/tools/bin/../lib/gcc/arm-none-eabi/10.3.1/../../../../arm-none-eabi/lib/thumb/v7e-m/nofp/crt0.o
 .bss           0x0000000000000000        0x0 /Applications/STM32CubeIDE.app/Contents/Eclipse/plugins/com.st.stm32cube.ide.mcu.externaltools.gnu-tools-for-stm32.10.3-2021.10.macos64_1.0.200.202301161003/tools/bin/../lib/gcc/arm-none-eabi/10.3.1/../../../../arm-none-eabi/lib/thumb/v7e-m/nofp/crt0.o
 .ARM.extab     0x0000000000000000        0x0 /Applications/STM32CubeIDE.app/Contents/Eclipse/plugins/com.st.stm32cube.ide.mcu.externaltools.gnu-tools-for-stm32.10.3-2021.10.macos64_1.0.200.202301161003/tools/bin/../lib/gcc/arm-none-eabi/10.3.1/../../../../arm-none-eabi/lib/thumb/v7e-m/nofp/crt0.o
 .ARM.exidx     0x0000000000000000       0x10 /Applications/STM32CubeIDE.app/Contents/Eclipse/plugins/com.st.stm32cube.ide.mcu.externaltools.gnu-tools-for-stm32.10.3-2021.10.macos64_1.0.200.202301161003/tools/bin/../lib/gcc/arm-none-eabi/10.3.1/../../../../arm-none-eabi/lib/thumb/v7e-m/nofp/crt0.o
 .ARM.attributes
                0x0000000000000000       0x1c /Applications/STM32CubeIDE.app/Contents/Eclipse/plugins/com.st.stm32cube.ide.mcu.externaltools.gnu-tools-for-stm32.10.3-2021.10.macos64_1.0.200.202301161003/tools/bin/../lib/gcc/arm-none-eabi/10.3.1/../../../../arm-none-eabi/lib/thumb/v7e-m/nofp/crt0.o
 .group         0x0000000000000000        0xc ./Drivers/Src/EXTI.o
 .group         0x0000000000000000        0xc ./Drivers/Src/EXTI.o
 .group         0x0000000000000000        0xc ./Drivers/Src/EXTI.o
 .group         0x0000000000000000        0xc ./Drivers/Src/EXTI.o
 .group         0x0000000000000000        0xc ./Drivers/Src/EXTI.o
 .group         0x0000000000000000        0xc ./Drivers/Src/EXTI.o
 .group         0x0000000000000000        0xc ./Drivers/Src/EXTI.o
 .group         0x0000000000000000        0xc ./Drivers/Src/EXTI.o
 .group         0x0000000000000000        0xc ./Drivers/Src/EXTI.o
 .group         0x0000000000000000        0xc ./Drivers/Src/EXTI.o
 .group         0x0000000000000000        0xc ./Drivers/Src/EXTI.o
 .group         0x0000000000000000        0xc ./Drivers/Src/EXTI.o
 .group         0x0000000000000000        0xc ./Drivers/Src/EXTI.o
 .group         0x0000000000000000        0xc ./Drivers/Src/EXTI.o
 .group         0x0000000000000000        0xc ./Drivers/Src/EXTI.o
 .group         0x0000000000000000        0xc ./Drivers/Src/EXTI.o
 .group         0x0000000000000000        0xc ./Drivers/Src/EXTI.o
 .group         0x0000000000000000        0xc ./Drivers/Src/EXTI.o
 .group         0x0000000000000000        0xc ./Drivers/Src/EXTI.o
 .group         0x0000000000000000        0xc ./Drivers/Src/EXTI.o
 .group         0x0000000000000000        0xc ./Drivers/Src/EXTI.o
 .group         0x0000000000000000        0xc ./Drivers/Src/EXTI.o
 .group         0x0000000000000000        0xc ./Drivers/Src/EXTI.o
 .group         0x0000000000000000        0xc ./Drivers/Src/EXTI.o
 .group         0x0000000000000000        0xc ./Drivers/Src/EXTI.o
 .group         0x0000000000000000        0xc ./Drivers/Src/EXTI.o
 .group         0x0000000000000000        0xc ./Drivers/Src/EXTI.o
 .group         0x0000000000000000        0xc ./Drivers/Src/EXTI.o
 .group         0x0000000000000000        0xc ./Drivers/Src/EXTI.o
 .text          0x0000000000000000        0x0 ./Drivers/Src/EXTI.o
 .data          0x0000000000000000        0x0 ./Drivers/Src/EXTI.o
 .bss           0x0000000000000000        0x0 ./Drivers/Src/EXTI.o
 .group         0x0000000000000000        0xc ./Drivers/Src/GPIO.o
 .group         0x0000000000000000        0xc ./Drivers/Src/GPIO.o
 .group         0x0000000000000000        0xc ./Drivers/Src/GPIO.o
 .group         0x0000000000000000        0xc ./Drivers/Src/GPIO.o
 .group         0x0000000000000000        0xc ./Drivers/Src/GPIO.o
 .group         0x0000000000000000        0xc ./Drivers/Src/GPIO.o
 .group         0x0000000000000000        0xc ./Drivers/Src/GPIO.o
 .group         0x0000000000000000        0xc ./Drivers/Src/GPIO.o
 .group         0x0000000000000000        0xc ./Drivers/Src/GPIO.o
 .group         0x0000000000000000        0xc ./Drivers/Src/GPIO.o
 .group         0x0000000000000000        0xc ./Drivers/Src/GPIO.o
 .group         0x0000000000000000        0xc ./Drivers/Src/GPIO.o
 .group         0x0000000000000000        0xc ./Drivers/Src/GPIO.o
 .group         0x0000000000000000        0xc ./Drivers/Src/GPIO.o
 .group         0x0000000000000000        0xc ./Drivers/Src/GPIO.o
 .group         0x0000000000000000        0xc ./Drivers/Src/GPIO.o
 .group         0x0000000000000000        0xc ./Drivers/Src/GPIO.o
 .group         0x0000000000000000        0xc ./Drivers/Src/GPIO.o
 .group         0x0000000000000000        0xc ./Drivers/Src/GPIO.o
 .group         0x0000000000000000        0xc ./Drivers/Src/GPIO.o
 .group         0x0000000000000000        0xc ./Drivers/Src/GPIO.o
 .group         0x0000000000000000        0xc ./Drivers/Src/GPIO.o
 .group         0x0000000000000000        0xc ./Drivers/Src/GPIO.o
 .group         0x0000000000000000        0xc ./Drivers/Src/GPIO.o
 .group         0x0000000000000000        0xc ./Drivers/Src/GPIO.o
 .group         0x0000000000000000        0xc ./Drivers/Src/GPIO.o
 .group         0x0000000000000000        0xc ./Drivers/Src/GPIO.o
 .group         0x0000000000000000        0xc ./Drivers/Src/GPIO.o
 .group         0x0000000000000000        0xc ./Drivers/Src/GPIO.o
 .text          0x0000000000000000        0x0 ./Drivers/Src/GPIO.o
 .data          0x0000000000000000        0x0 ./Drivers/Src/GPIO.o
 .bss           0x0000000000000000        0x0 ./Drivers/Src/GPIO.o
 .text.GPIO_ReadPin
                0x0000000000000000       0x2c ./Drivers/Src/GPIO.o
 .text.GPIO_LockPin
                0x0000000000000000       0x36 ./Drivers/Src/GPIO.o
 .text.GPIO_TogglePin
                0x0000000000000000       0x32 ./Drivers/Src/GPIO.o
 .debug_macro   0x0000000000000000      0xa78 ./Drivers/Src/GPIO.o
 .debug_macro   0x0000000000000000       0x22 ./Drivers/Src/GPIO.o
 .debug_macro   0x0000000000000000       0x8e ./Drivers/Src/GPIO.o
 .debug_macro   0x0000000000000000       0x51 ./Drivers/Src/GPIO.o
 .debug_macro   0x0000000000000000      0x103 ./Drivers/Src/GPIO.o
 .debug_macro   0x0000000000000000       0x6a ./Drivers/Src/GPIO.o
 .debug_macro   0x0000000000000000      0x1df ./Drivers/Src/GPIO.o
 .debug_macro   0x0000000000000000       0x52 ./Drivers/Src/GPIO.o
 .debug_macro   0x0000000000000000       0x18 ./Drivers/Src/GPIO.o
 .debug_macro   0x0000000000000000       0x3c ./Drivers/Src/GPIO.o
 .debug_macro   0x0000000000000000       0x34 ./Drivers/Src/GPIO.o
 .debug_macro   0x0000000000000000      0x174 ./Drivers/Src/GPIO.o
 .debug_macro   0x0000000000000000       0x16 ./Drivers/Src/GPIO.o
 .debug_macro   0x0000000000000000       0x43 ./Drivers/Src/GPIO.o
 .debug_macro   0x0000000000000000       0x34 ./Drivers/Src/GPIO.o
 .debug_macro   0x0000000000000000       0x10 ./Drivers/Src/GPIO.o
 .debug_macro   0x0000000000000000       0x58 ./Drivers/Src/GPIO.o
 .debug_macro   0x0000000000000000       0x71 ./Drivers/Src/GPIO.o
 .debug_macro   0x0000000000000000       0x1c ./Drivers/Src/GPIO.o
 .debug_macro   0x0000000000000000      0x12a ./Drivers/Src/GPIO.o
 .debug_macro   0x0000000000000000      0x341 ./Drivers/Src/GPIO.o
 .debug_macro   0x0000000000000000       0x10 ./Drivers/Src/GPIO.o
 .debug_macro   0x0000000000000000       0x35 ./Drivers/Src/GPIO.o
 .debug_macro   0x0000000000000000       0x20 ./Drivers/Src/GPIO.o
 .debug_macro   0x0000000000000000      0x39e ./Drivers/Src/GPIO.o
 .debug_macro   0x0000000000000000       0x70 ./Drivers/Src/GPIO.o
 .debug_macro   0x0000000000000000       0x9a ./Drivers/Src/GPIO.o
 .group         0x0000000000000000        0xc ./Drivers/Src/RCC.o
 .group         0x0000000000000000        0xc ./Drivers/Src/RCC.o
 .group         0x0000000000000000        0xc ./Drivers/Src/RCC.o
 .group         0x0000000000000000        0xc ./Drivers/Src/RCC.o
 .group         0x0000000000000000        0xc ./Drivers/Src/RCC.o
 .group         0x0000000000000000        0xc ./Drivers/Src/RCC.o
 .group         0x0000000000000000        0xc ./Drivers/Src/RCC.o
 .group         0x0000000000000000        0xc ./Drivers/Src/RCC.o
 .group         0x0000000000000000        0xc ./Drivers/Src/RCC.o
 .group         0x0000000000000000        0xc ./Drivers/Src/RCC.o
 .group         0x0000000000000000        0xc ./Drivers/Src/RCC.o
 .group         0x0000000000000000        0xc ./Drivers/Src/RCC.o
 .group         0x0000000000000000        0xc ./Drivers/Src/RCC.o
 .group         0x0000000000000000        0xc ./Drivers/Src/RCC.o
 .group         0x0000000000000000        0xc ./Drivers/Src/RCC.o
 .group         0x0000000000000000        0xc ./Drivers/Src/RCC.o
 .group         0x0000000000000000        0xc ./Drivers/Src/RCC.o
 .group         0x0000000000000000        0xc ./Drivers/Src/RCC.o
 .group         0x0000000000000000        0xc ./Drivers/Src/RCC.o
 .group         0x0000000000000000        0xc ./Drivers/Src/RCC.o
 .group         0x0000000000000000        0xc ./Drivers/Src/RCC.o
 .group         0x0000000000000000        0xc ./Drivers/Src/RCC.o
 .group         0x0000000000000000        0xc ./Drivers/Src/RCC.o
 .group         0x0000000000000000        0xc ./Drivers/Src/RCC.o
 .group         0x0000000000000000        0xc ./Drivers/Src/RCC.o
 .group         0x0000000000000000        0xc ./Drivers/Src/RCC.o
 .group         0x0000000000000000        0xc ./Drivers/Src/RCC.o
 .group         0x0000000000000000        0xc ./Drivers/Src/RCC.o
 .group         0x0000000000000000        0xc ./Drivers/Src/RCC.o
 .text          0x0000000000000000        0x0 ./Drivers/Src/RCC.o
 .data          0x0000000000000000        0x0 ./Drivers/Src/RCC.o
 .bss           0x0000000000000000        0x0 ./Drivers/Src/RCC.o
 .debug_info    0x0000000000000000       0x76 ./Drivers/Src/RCC.o
 .debug_abbrev  0x0000000000000000       0x29 ./Drivers/Src/RCC.o
 .debug_aranges
                0x0000000000000000       0x18 ./Drivers/Src/RCC.o
 .debug_macro   0x0000000000000000      0x181 ./Drivers/Src/RCC.o
 .debug_macro   0x0000000000000000      0xa78 ./Drivers/Src/RCC.o
 .debug_macro   0x0000000000000000       0x22 ./Drivers/Src/RCC.o
 .debug_macro   0x0000000000000000       0x8e ./Drivers/Src/RCC.o
 .debug_macro   0x0000000000000000       0x51 ./Drivers/Src/RCC.o
 .debug_macro   0x0000000000000000      0x103 ./Drivers/Src/RCC.o
 .debug_macro   0x0000000000000000       0x6a ./Drivers/Src/RCC.o
 .debug_macro   0x0000000000000000      0x1df ./Drivers/Src/RCC.o
 .debug_macro   0x0000000000000000       0x52 ./Drivers/Src/RCC.o
 .debug_macro   0x0000000000000000       0x18 ./Drivers/Src/RCC.o
 .debug_macro   0x0000000000000000       0x3c ./Drivers/Src/RCC.o
 .debug_macro   0x0000000000000000       0x34 ./Drivers/Src/RCC.o
 .debug_macro   0x0000000000000000      0x174 ./Drivers/Src/RCC.o
 .debug_macro   0x0000000000000000       0x16 ./Drivers/Src/RCC.o
 .debug_macro   0x0000000000000000       0x43 ./Drivers/Src/RCC.o
 .debug_macro   0x0000000000000000       0x34 ./Drivers/Src/RCC.o
 .debug_macro   0x0000000000000000       0x10 ./Drivers/Src/RCC.o
 .debug_macro   0x0000000000000000       0x58 ./Drivers/Src/RCC.o
 .debug_macro   0x0000000000000000       0x71 ./Drivers/Src/RCC.o
 .debug_macro   0x0000000000000000       0x1c ./Drivers/Src/RCC.o
 .debug_macro   0x0000000000000000      0x12a ./Drivers/Src/RCC.o
 .debug_macro   0x0000000000000000      0x341 ./Drivers/Src/RCC.o
 .debug_macro   0x0000000000000000       0x10 ./Drivers/Src/RCC.o
 .debug_macro   0x0000000000000000       0x35 ./Drivers/Src/RCC.o
 .debug_macro   0x0000000000000000       0x20 ./Drivers/Src/RCC.o
 .debug_macro   0x0000000000000000      0x39e ./Drivers/Src/RCC.o
 .debug_macro   0x0000000000000000      0x118 ./Drivers/Src/RCC.o
 .debug_macro   0x0000000000000000       0xb8 ./Drivers/Src/RCC.o
 .debug_macro   0x0000000000000000       0x9a ./Drivers/Src/RCC.o
 .debug_macro   0x0000000000000000       0x70 ./Drivers/Src/RCC.o
 .debug_line    0x0000000000000000      0x596 ./Drivers/Src/RCC.o
 .debug_str     0x0000000000000000     0x9ab6 ./Drivers/Src/RCC.o
 .comment       0x0000000000000000       0x51 ./Drivers/Src/RCC.o
 .ARM.attributes
                0x0000000000000000       0x2e ./Drivers/Src/RCC.o
 .group         0x0000000000000000        0xc ./Drivers/Src/SPI.o
 .group         0x0000000000000000        0xc ./Drivers/Src/SPI.o
 .group         0x0000000000000000        0xc ./Drivers/Src/SPI.o
 .group         0x0000000000000000        0xc ./Drivers/Src/SPI.o
 .group         0x0000000000000000        0xc ./Drivers/Src/SPI.o
 .group         0x0000000000000000        0xc ./Drivers/Src/SPI.o
 .group         0x0000000000000000        0xc ./Drivers/Src/SPI.o
 .group         0x0000000000000000        0xc ./Drivers/Src/SPI.o
 .group         0x0000000000000000        0xc ./Drivers/Src/SPI.o
 .group         0x0000000000000000        0xc ./Drivers/Src/SPI.o
 .group         0x0000000000000000        0xc ./Drivers/Src/SPI.o
 .group         0x0000000000000000        0xc ./Drivers/Src/SPI.o
 .group         0x0000000000000000        0xc ./Drivers/Src/SPI.o
 .group         0x0000000000000000        0xc ./Drivers/Src/SPI.o
 .group         0x0000000000000000        0xc ./Drivers/Src/SPI.o
 .group         0x0000000000000000        0xc ./Drivers/Src/SPI.o
 .group         0x0000000000000000        0xc ./Drivers/Src/SPI.o
 .group         0x0000000000000000        0xc ./Drivers/Src/SPI.o
 .group         0x0000000000000000        0xc ./Drivers/Src/SPI.o
 .group         0x0000000000000000        0xc ./Drivers/Src/SPI.o
 .group         0x0000000000000000        0xc ./Drivers/Src/SPI.o
 .group         0x0000000000000000        0xc ./Drivers/Src/SPI.o
 .group         0x0000000000000000        0xc ./Drivers/Src/SPI.o
 .group         0x0000000000000000        0xc ./Drivers/Src/SPI.o
 .group         0x0000000000000000        0xc ./Drivers/Src/SPI.o
 .group         0x0000000000000000        0xc ./Drivers/Src/SPI.o
 .group         0x0000000000000000        0xc ./Drivers/Src/SPI.o
 .group         0x0000000000000000        0xc ./Drivers/Src/SPI.o
 .group         0x0000000000000000        0xc ./Drivers/Src/SPI.o
 .text          0x0000000000000000        0x0 ./Drivers/Src/SPI.o
 .data          0x0000000000000000        0x0 ./Drivers/Src/SPI.o
 .bss           0x0000000000000000        0x0 ./Drivers/Src/SPI.o
 .text.SPI_Init
                0x0000000000000000       0x5a ./Drivers/Src/SPI.o
 .text.SPI_PerhiparelCMD
                0x0000000000000000       0x3e ./Drivers/Src/SPI.o
 .text.SPI_TransmitData
                0x0000000000000000       0x8a ./Drivers/Src/SPI.o
 .text.SPI_GetFlagStatus
                0x0000000000000000       0x2a ./Drivers/Src/SPI.o
 .debug_info    0x0000000000000000      0x350 ./Drivers/Src/SPI.o
 .debug_abbrev  0x0000000000000000      0x15a ./Drivers/Src/SPI.o
 .debug_aranges
                0x0000000000000000       0x38 ./Drivers/Src/SPI.o
 .debug_ranges  0x0000000000000000       0x28 ./Drivers/Src/SPI.o
 .debug_macro   0x0000000000000000      0x181 ./Drivers/Src/SPI.o
 .debug_macro   0x0000000000000000      0xa78 ./Drivers/Src/SPI.o
 .debug_macro   0x0000000000000000       0x22 ./Drivers/Src/SPI.o
 .debug_macro   0x0000000000000000       0x8e ./Drivers/Src/SPI.o
 .debug_macro   0x0000000000000000       0x51 ./Drivers/Src/SPI.o
 .debug_macro   0x0000000000000000      0x103 ./Drivers/Src/SPI.o
 .debug_macro   0x0000000000000000       0x6a ./Drivers/Src/SPI.o
 .debug_macro   0x0000000000000000      0x1df ./Drivers/Src/SPI.o
 .debug_macro   0x0000000000000000       0x52 ./Drivers/Src/SPI.o
 .debug_macro   0x0000000000000000       0x18 ./Drivers/Src/SPI.o
 .debug_macro   0x0000000000000000       0x3c ./Drivers/Src/SPI.o
 .debug_macro   0x0000000000000000       0x34 ./Drivers/Src/SPI.o
 .debug_macro   0x0000000000000000      0x174 ./Drivers/Src/SPI.o
 .debug_macro   0x0000000000000000       0x16 ./Drivers/Src/SPI.o
 .debug_macro   0x0000000000000000       0x43 ./Drivers/Src/SPI.o
 .debug_macro   0x0000000000000000       0x34 ./Drivers/Src/SPI.o
 .debug_macro   0x0000000000000000       0x10 ./Drivers/Src/SPI.o
 .debug_macro   0x0000000000000000       0x58 ./Drivers/Src/SPI.o
 .debug_macro   0x0000000000000000       0x71 ./Drivers/Src/SPI.o
 .debug_macro   0x0000000000000000       0x1c ./Drivers/Src/SPI.o
 .debug_macro   0x0000000000000000      0x12a ./Drivers/Src/SPI.o
 .debug_macro   0x0000000000000000      0x341 ./Drivers/Src/SPI.o
 .debug_macro   0x0000000000000000       0x10 ./Drivers/Src/SPI.o
 .debug_macro   0x0000000000000000       0x35 ./Drivers/Src/SPI.o
 .debug_macro   0x0000000000000000       0x20 ./Drivers/Src/SPI.o
 .debug_macro   0x0000000000000000      0x39e ./Drivers/Src/SPI.o
 .debug_macro   0x0000000000000000       0x70 ./Drivers/Src/SPI.o
 .debug_macro   0x0000000000000000      0x11e ./Drivers/Src/SPI.o
 .debug_macro   0x0000000000000000       0xb8 ./Drivers/Src/SPI.o
 .debug_macro   0x0000000000000000       0x94 ./Drivers/Src/SPI.o
 .debug_line    0x0000000000000000      0x69c ./Drivers/Src/SPI.o
 .debug_str     0x0000000000000000     0x9c5b ./Drivers/Src/SPI.o
 .comment       0x0000000000000000       0x51 ./Drivers/Src/SPI.o
 .debug_frame   0x0000000000000000       0xac ./Drivers/Src/SPI.o
 .ARM.attributes
                0x0000000000000000       0x2e ./Drivers/Src/SPI.o
 .group         0x0000000000000000        0xc ./Src/main.o
 .group         0x0000000000000000        0xc ./Src/main.o
 .group         0x0000000000000000        0xc ./Src/main.o
 .group         0x0000000000000000        0xc ./Src/main.o
 .group         0x0000000000000000        0xc ./Src/main.o
 .group         0x0000000000000000        0xc ./Src/main.o
 .group         0x0000000000000000        0xc ./Src/main.o
 .group         0x0000000000000000        0xc ./Src/main.o
 .group         0x0000000000000000        0xc ./Src/main.o
 .group         0x0000000000000000        0xc ./Src/main.o
 .group         0x0000000000000000        0xc ./Src/main.o
 .group         0x0000000000000000        0xc ./Src/main.o
 .group         0x0000000000000000        0xc ./Src/main.o
 .group         0x0000000000000000        0xc ./Src/main.o
 .group         0x0000000000000000        0xc ./Src/main.o
 .group         0x0000000000000000        0xc ./Src/main.o
 .group         0x0000000000000000        0xc ./Src/main.o
 .group         0x0000000000000000        0xc ./Src/main.o
 .group         0x0000000000000000        0xc ./Src/main.o
 .group         0x0000000000000000        0xc ./Src/main.o
 .group         0x0000000000000000        0xc ./Src/main.o
 .group         0x0000000000000000        0xc ./Src/main.o
 .group         0x0000000000000000        0xc ./Src/main.o
 .group         0x0000000000000000        0xc ./Src/main.o
 .group         0x0000000000000000        0xc ./Src/main.o
 .group         0x0000000000000000        0xc ./Src/main.o
 .group         0x0000000000000000        0xc ./Src/main.o
 .group         0x0000000000000000        0xc ./Src/main.o
 .group         0x0000000000000000        0xc ./Src/main.o
 .text          0x0000000000000000        0x0 ./Src/main.o
 .data          0x0000000000000000        0x0 ./Src/main.o
 .bss           0x0000000000000000        0x0 ./Src/main.o
 .text.SPI_Config
                0x0000000000000000       0x22 ./Src/main.o
 .debug_macro   0x0000000000000000      0xa78 ./Src/main.o
 .debug_macro   0x0000000000000000       0x22 ./Src/main.o
 .debug_macro   0x0000000000000000       0x8e ./Src/main.o
 .debug_macro   0x0000000000000000       0x51 ./Src/main.o
 .debug_macro   0x0000000000000000      0x103 ./Src/main.o
 .debug_macro   0x0000000000000000       0x6a ./Src/main.o
 .debug_macro   0x0000000000000000      0x1df ./Src/main.o
 .debug_macro   0x0000000000000000       0x52 ./Src/main.o
 .debug_macro   0x0000000000000000       0x18 ./Src/main.o
 .debug_macro   0x0000000000000000       0x3c ./Src/main.o
 .debug_macro   0x0000000000000000       0x34 ./Src/main.o
 .debug_macro   0x0000000000000000      0x174 ./Src/main.o
 .debug_macro   0x0000000000000000       0x16 ./Src/main.o
 .debug_macro   0x0000000000000000       0x43 ./Src/main.o
 .debug_macro   0x0000000000000000       0x34 ./Src/main.o
 .debug_macro   0x0000000000000000       0x10 ./Src/main.o
 .debug_macro   0x0000000000000000       0x58 ./Src/main.o
 .debug_macro   0x0000000000000000       0x71 ./Src/main.o
 .debug_macro   0x0000000000000000       0x1c ./Src/main.o
 .debug_macro   0x0000000000000000      0x12a ./Src/main.o
 .debug_macro   0x0000000000000000      0x341 ./Src/main.o
 .debug_macro   0x0000000000000000       0x10 ./Src/main.o
 .debug_macro   0x0000000000000000       0x35 ./Src/main.o
 .debug_macro   0x0000000000000000       0x20 ./Src/main.o
 .debug_macro   0x0000000000000000      0x39e ./Src/main.o
 .debug_macro   0x0000000000000000       0x70 ./Src/main.o
 .debug_macro   0x0000000000000000      0x11e ./Src/main.o
 .debug_macro   0x0000000000000000       0xb8 ./Src/main.o
 .debug_macro   0x0000000000000000       0x9a ./Src/main.o
 .group         0x0000000000000000        0xc ./Src/syscalls.o
 .group         0x0000000000000000        0xc ./Src/syscalls.o
 .group         0x0000000000000000        0xc ./Src/syscalls.o
 .group         0x0000000000000000        0xc ./Src/syscalls.o
 .group         0x0000000000000000        0xc ./Src/syscalls.o
 .group         0x0000000000000000        0xc ./Src/syscalls.o
 .group         0x0000000000000000        0xc ./Src/syscalls.o
 .group         0x0000000000000000        0xc ./Src/syscalls.o
 .group         0x0000000000000000        0xc ./Src/syscalls.o
 .group         0x0000000000000000        0xc ./Src/syscalls.o
 .group         0x0000000000000000        0xc ./Src/syscalls.o
 .group         0x0000000000000000        0xc ./Src/syscalls.o
 .group         0x0000000000000000        0xc ./Src/syscalls.o
 .group         0x0000000000000000        0xc ./Src/syscalls.o
 .group         0x0000000000000000        0xc ./Src/syscalls.o
 .group         0x0000000000000000        0xc ./Src/syscalls.o
 .group         0x0000000000000000        0xc ./Src/syscalls.o
 .group         0x0000000000000000        0xc ./Src/syscalls.o
 .group         0x0000000000000000        0xc ./Src/syscalls.o
 .group         0x0000000000000000        0xc ./Src/syscalls.o
 .group         0x0000000000000000        0xc ./Src/syscalls.o
 .group         0x0000000000000000        0xc ./Src/syscalls.o
 .group         0x0000000000000000        0xc ./Src/syscalls.o
 .group         0x0000000000000000        0xc ./Src/syscalls.o
 .group         0x0000000000000000        0xc ./Src/syscalls.o
 .group         0x0000000000000000        0xc ./Src/syscalls.o
 .group         0x0000000000000000        0xc ./Src/syscalls.o
 .group         0x0000000000000000        0xc ./Src/syscalls.o
 .group         0x0000000000000000        0xc ./Src/syscalls.o
 .group         0x0000000000000000        0xc ./Src/syscalls.o
 .group         0x0000000000000000        0xc ./Src/syscalls.o
 .group         0x0000000000000000        0xc ./Src/syscalls.o
 .group         0x0000000000000000        0xc ./Src/syscalls.o
 .group         0x0000000000000000        0xc ./Src/syscalls.o
 .group         0x0000000000000000        0xc ./Src/syscalls.o
 .group         0x0000000000000000        0xc ./Src/syscalls.o
 .group         0x0000000000000000        0xc ./Src/syscalls.o
 .group         0x0000000000000000        0xc ./Src/syscalls.o
 .group         0x0000000000000000        0xc ./Src/syscalls.o
 .group         0x0000000000000000        0xc ./Src/syscalls.o
 .group         0x0000000000000000        0xc ./Src/syscalls.o
 .group         0x0000000000000000        0xc ./Src/syscalls.o
 .group         0x0000000000000000        0xc ./Src/syscalls.o
 .group         0x0000000000000000        0xc ./Src/syscalls.o
 .group         0x0000000000000000        0xc ./Src/syscalls.o
 .group         0x0000000000000000        0xc ./Src/syscalls.o
 .group         0x0000000000000000        0xc ./Src/syscalls.o
 .text          0x0000000000000000        0x0 ./Src/syscalls.o
 .data          0x0000000000000000        0x0 ./Src/syscalls.o
 .bss           0x0000000000000000        0x0 ./Src/syscalls.o
 .bss.__env     0x0000000000000000        0x4 ./Src/syscalls.o
 .data.environ  0x0000000000000000        0x4 ./Src/syscalls.o
 .text.initialise_monitor_handles
                0x0000000000000000        0xc ./Src/syscalls.o
 .text._getpid  0x0000000000000000        0xe ./Src/syscalls.o
 .text._kill    0x0000000000000000       0x20 ./Src/syscalls.o
 .text._exit    0x0000000000000000       0x14 ./Src/syscalls.o
 .text._read    0x0000000000000000       0x3a ./Src/syscalls.o
 .text._write   0x0000000000000000       0x38 ./Src/syscalls.o
 .text._close   0x0000000000000000       0x16 ./Src/syscalls.o
 .text._fstat   0x0000000000000000       0x1e ./Src/syscalls.o
 .text._isatty  0x0000000000000000       0x14 ./Src/syscalls.o
 .text._lseek   0x0000000000000000       0x18 ./Src/syscalls.o
 .text._open    0x0000000000000000       0x1a ./Src/syscalls.o
 .text._wait    0x0000000000000000       0x1e ./Src/syscalls.o
 .text._unlink  0x0000000000000000       0x1e ./Src/syscalls.o
 .text._times   0x0000000000000000       0x16 ./Src/syscalls.o
 .text._stat    0x0000000000000000       0x1e ./Src/syscalls.o
 .text._link    0x0000000000000000       0x20 ./Src/syscalls.o
 .text._fork    0x0000000000000000       0x16 ./Src/syscalls.o
 .text._execve  0x0000000000000000       0x22 ./Src/syscalls.o
 .debug_info    0x0000000000000000      0x6e0 ./Src/syscalls.o
 .debug_abbrev  0x0000000000000000      0x1b3 ./Src/syscalls.o
 .debug_aranges
                0x0000000000000000       0xa8 ./Src/syscalls.o
 .debug_ranges  0x0000000000000000       0x98 ./Src/syscalls.o
 .debug_macro   0x0000000000000000      0x24c ./Src/syscalls.o
 .debug_macro   0x0000000000000000      0xa78 ./Src/syscalls.o
 .debug_macro   0x0000000000000000       0x22 ./Src/syscalls.o
 .debug_macro   0x0000000000000000       0x4c ./Src/syscalls.o
 .debug_macro   0x0000000000000000       0x18 ./Src/syscalls.o
 .debug_macro   0x0000000000000000       0x94 ./Src/syscalls.o
 .debug_macro   0x0000000000000000       0x3c ./Src/syscalls.o
 .debug_macro   0x0000000000000000       0x34 ./Src/syscalls.o
 .debug_macro   0x0000000000000000       0x57 ./Src/syscalls.o
 .debug_macro   0x0000000000000000      0x174 ./Src/syscalls.o
 .debug_macro   0x0000000000000000      0x341 ./Src/syscalls.o
 .debug_macro   0x0000000000000000       0x16 ./Src/syscalls.o
 .debug_macro   0x0000000000000000       0x43 ./Src/syscalls.o
 .debug_macro   0x0000000000000000       0x34 ./Src/syscalls.o
 .debug_macro   0x0000000000000000       0x10 ./Src/syscalls.o
 .debug_macro   0x0000000000000000       0x58 ./Src/syscalls.o
 .debug_macro   0x0000000000000000       0x71 ./Src/syscalls.o
 .debug_macro   0x0000000000000000       0x1c ./Src/syscalls.o
 .debug_macro   0x0000000000000000      0x12a ./Src/syscalls.o
 .debug_macro   0x0000000000000000       0x10 ./Src/syscalls.o
 .debug_macro   0x0000000000000000       0x35 ./Src/syscalls.o
 .debug_macro   0x0000000000000000       0x10 ./Src/syscalls.o
 .debug_macro   0x0000000000000000       0x10 ./Src/syscalls.o
 .debug_macro   0x0000000000000000       0x10 ./Src/syscalls.o
 .debug_macro   0x0000000000000000       0x6a ./Src/syscalls.o
 .debug_macro   0x0000000000000000       0x1c ./Src/syscalls.o
 .debug_macro   0x0000000000000000       0x52 ./Src/syscalls.o
 .debug_macro   0x0000000000000000       0x22 ./Src/syscalls.o
 .debug_macro   0x0000000000000000       0x10 ./Src/syscalls.o
 .debug_macro   0x0000000000000000       0x52 ./Src/syscalls.o
 .debug_macro   0x0000000000000000       0xd5 ./Src/syscalls.o
 .debug_macro   0x0000000000000000       0x1c ./Src/syscalls.o
 .debug_macro   0x0000000000000000       0x3d ./Src/syscalls.o
 .debug_macro   0x0000000000000000       0x35 ./Src/syscalls.o
 .debug_macro   0x0000000000000000      0x12c ./Src/syscalls.o
 .debug_macro   0x0000000000000000       0x16 ./Src/syscalls.o
 .debug_macro   0x0000000000000000       0x16 ./Src/syscalls.o
 .debug_macro   0x0000000000000000       0x29 ./Src/syscalls.o
 .debug_macro   0x0000000000000000       0x10 ./Src/syscalls.o
 .debug_macro   0x0000000000000000      0x241 ./Src/syscalls.o
 .debug_macro   0x0000000000000000       0x1c ./Src/syscalls.o
 .debug_macro   0x0000000000000000       0x10 ./Src/syscalls.o
 .debug_macro   0x0000000000000000       0x10 ./Src/syscalls.o
 .debug_macro   0x0000000000000000       0x16 ./Src/syscalls.o
 .debug_macro   0x0000000000000000      0x145 ./Src/syscalls.o
 .debug_macro   0x0000000000000000      0x189 ./Src/syscalls.o
 .debug_macro   0x0000000000000000       0x16 ./Src/syscalls.o
 .debug_macro   0x0000000000000000       0xce ./Src/syscalls.o
 .debug_line    0x0000000000000000      0x830 ./Src/syscalls.o
 .debug_str     0x0000000000000000     0x8a52 ./Src/syscalls.o
 .comment       0x0000000000000000       0x51 ./Src/syscalls.o
 .debug_frame   0x0000000000000000      0x2ac ./Src/syscalls.o
 .ARM.attributes
                0x0000000000000000       0x2e ./Src/syscalls.o
 .group         0x0000000000000000        0xc ./Src/sysmem.o
 .group         0x0000000000000000        0xc ./Src/sysmem.o
 .group         0x0000000000000000        0xc ./Src/sysmem.o
 .group         0x0000000000000000        0xc ./Src/sysmem.o
 .group         0x0000000000000000        0xc ./Src/sysmem.o
 .group         0x0000000000000000        0xc ./Src/sysmem.o
 .group         0x0000000000000000        0xc ./Src/sysmem.o
 .group         0x0000000000000000        0xc ./Src/sysmem.o
 .group         0x0000000000000000        0xc ./Src/sysmem.o
 .group         0x0000000000000000        0xc ./Src/sysmem.o
 .group         0x0000000000000000        0xc ./Src/sysmem.o
 .group         0x0000000000000000        0xc ./Src/sysmem.o
 .group         0x0000000000000000        0xc ./Src/sysmem.o
 .group         0x0000000000000000        0xc ./Src/sysmem.o
 .group         0x0000000000000000        0xc ./Src/sysmem.o
 .group         0x0000000000000000        0xc ./Src/sysmem.o
 .group         0x0000000000000000        0xc ./Src/sysmem.o
 .group         0x0000000000000000        0xc ./Src/sysmem.o
 .group         0x0000000000000000        0xc ./Src/sysmem.o
 .group         0x0000000000000000        0xc ./Src/sysmem.o
 .group         0x0000000000000000        0xc ./Src/sysmem.o
 .group         0x0000000000000000        0xc ./Src/sysmem.o
 .text          0x0000000000000000        0x0 ./Src/sysmem.o
 .data          0x0000000000000000        0x0 ./Src/sysmem.o
 .bss           0x0000000000000000        0x0 ./Src/sysmem.o
 .bss.__sbrk_heap_end
                0x0000000000000000        0x4 ./Src/sysmem.o
 .text._sbrk    0x0000000000000000       0x6c ./Src/sysmem.o
 .debug_info    0x0000000000000000      0x171 ./Src/sysmem.o
 .debug_abbrev  0x0000000000000000       0xbb ./Src/sysmem.o
 .debug_aranges
                0x0000000000000000       0x20 ./Src/sysmem.o
 .debug_ranges  0x0000000000000000       0x10 ./Src/sysmem.o
 .debug_macro   0x0000000000000000       0xff ./Src/sysmem.o
 .debug_macro   0x0000000000000000      0xa78 ./Src/sysmem.o
 .debug_macro   0x0000000000000000       0x10 ./Src/sysmem.o
 .debug_macro   0x0000000000000000       0x22 ./Src/sysmem.o
 .debug_macro   0x0000000000000000       0x4c ./Src/sysmem.o
 .debug_macro   0x0000000000000000       0x18 ./Src/sysmem.o
 .debug_macro   0x0000000000000000       0x94 ./Src/sysmem.o
 .debug_macro   0x0000000000000000       0x3c ./Src/sysmem.o
 .debug_macro   0x0000000000000000       0x34 ./Src/sysmem.o
 .debug_macro   0x0000000000000000      0x174 ./Src/sysmem.o
 .debug_macro   0x0000000000000000       0x16 ./Src/sysmem.o
 .debug_macro   0x0000000000000000       0x43 ./Src/sysmem.o
 .debug_macro   0x0000000000000000       0x57 ./Src/sysmem.o
 .debug_macro   0x0000000000000000       0x34 ./Src/sysmem.o
 .debug_macro   0x0000000000000000       0x10 ./Src/sysmem.o
 .debug_macro   0x0000000000000000       0x58 ./Src/sysmem.o
 .debug_macro   0x0000000000000000       0x71 ./Src/sysmem.o
 .debug_macro   0x0000000000000000       0x1c ./Src/sysmem.o
 .debug_macro   0x0000000000000000      0x12a ./Src/sysmem.o
 .debug_macro   0x0000000000000000      0x23b ./Src/sysmem.o
 .debug_macro   0x0000000000000000      0x103 ./Src/sysmem.o
 .debug_macro   0x0000000000000000       0x6a ./Src/sysmem.o
 .debug_macro   0x0000000000000000      0x1df ./Src/sysmem.o
 .debug_line    0x0000000000000000      0x526 ./Src/sysmem.o
 .debug_str     0x0000000000000000     0x5d8e ./Src/sysmem.o
 .comment       0x0000000000000000       0x51 ./Src/sysmem.o
 .debug_frame   0x0000000000000000       0x34 ./Src/sysmem.o
 .ARM.attributes
                0x0000000000000000       0x2e ./Src/sysmem.o
 .text          0x0000000000000000       0x14 ./Startup/startup_stm32f446zetx.o
 .data          0x0000000000000000        0x0 ./Startup/startup_stm32f446zetx.o
 .bss           0x0000000000000000        0x0 ./Startup/startup_stm32f446zetx.o
 .text          0x0000000000000000        0x0 /Applications/STM32CubeIDE.app/Contents/Eclipse/plugins/com.st.stm32cube.ide.mcu.externaltools.gnu-tools-for-stm32.10.3-2021.10.macos64_1.0.200.202301161003/tools/bin/../lib/gcc/arm-none-eabi/10.3.1/../../../../arm-none-eabi/lib/thumb/v7e-m/nofp/libc_nano.a(lib_a-errno.o)
 .data          0x0000000000000000        0x0 /Applications/STM32CubeIDE.app/Contents/Eclipse/plugins/com.st.stm32cube.ide.mcu.externaltools.gnu-tools-for-stm32.10.3-2021.10.macos64_1.0.200.202301161003/tools/bin/../lib/gcc/arm-none-eabi/10.3.1/../../../../arm-none-eabi/lib/thumb/v7e-m/nofp/libc_nano.a(lib_a-errno.o)
 .bss           0x0000000000000000        0x0 /Applications/STM32CubeIDE.app/Contents/Eclipse/plugins/com.st.stm32cube.ide.mcu.externaltools.gnu-tools-for-stm32.10.3-2021.10.macos64_1.0.200.202301161003/tools/bin/../lib/gcc/arm-none-eabi/10.3.1/../../../../arm-none-eabi/lib/thumb/v7e-m/nofp/libc_nano.a(lib_a-errno.o)
 .text.__errno  0x0000000000000000        0xc /Applications/STM32CubeIDE.app/Contents/Eclipse/plugins/com.st.stm32cube.ide.mcu.externaltools.gnu-tools-for-stm32.10.3-2021.10.macos64_1.0.200.202301161003/tools/bin/../lib/gcc/arm-none-eabi/10.3.1/../../../../arm-none-eabi/lib/thumb/v7e-m/nofp/libc_nano.a(lib_a-errno.o)
 .debug_frame   0x0000000000000000       0x20 /Applications/STM32CubeIDE.app/Contents/Eclipse/plugins/com.st.stm32cube.ide.mcu.externaltools.gnu-tools-for-stm32.10.3-2021.10.macos64_1.0.200.202301161003/tools/bin/../lib/gcc/arm-none-eabi/10.3.1/../../../../arm-none-eabi/lib/thumb/v7e-m/nofp/libc_nano.a(lib_a-errno.o)
 .ARM.attributes
                0x0000000000000000       0x2e /Applications/STM32CubeIDE.app/Contents/Eclipse/plugins/com.st.stm32cube.ide.mcu.externaltools.gnu-tools-for-stm32.10.3-2021.10.macos64_1.0.200.202301161003/tools/bin/../lib/gcc/arm-none-eabi/10.3.1/../../../../arm-none-eabi/lib/thumb/v7e-m/nofp/libc_nano.a(lib_a-errno.o)
 .text          0x0000000000000000        0x0 /Applications/STM32CubeIDE.app/Contents/Eclipse/plugins/com.st.stm32cube.ide.mcu.externaltools.gnu-tools-for-stm32.10.3-2021.10.macos64_1.0.200.202301161003/tools/bin/../lib/gcc/arm-none-eabi/10.3.1/../../../../arm-none-eabi/lib/thumb/v7e-m/nofp/libc_nano.a(lib_a-exit.o)
 .data          0x0000000000000000        0x0 /Applications/STM32CubeIDE.app/Contents/Eclipse/plugins/com.st.stm32cube.ide.mcu.externaltools.gnu-tools-for-stm32.10.3-2021.10.macos64_1.0.200.202301161003/tools/bin/../lib/gcc/arm-none-eabi/10.3.1/../../../../arm-none-eabi/lib/thumb/v7e-m/nofp/libc_nano.a(lib_a-exit.o)
 .bss           0x0000000000000000        0x0 /Applications/STM32CubeIDE.app/Contents/Eclipse/plugins/com.st.stm32cube.ide.mcu.externaltools.gnu-tools-for-stm32.10.3-2021.10.macos64_1.0.200.202301161003/tools/bin/../lib/gcc/arm-none-eabi/10.3.1/../../../../arm-none-eabi/lib/thumb/v7e-m/nofp/libc_nano.a(lib_a-exit.o)
 .text.exit     0x0000000000000000       0x28 /Applications/STM32CubeIDE.app/Contents/Eclipse/plugins/com.st.stm32cube.ide.mcu.externaltools.gnu-tools-for-stm32.10.3-2021.10.macos64_1.0.200.202301161003/tools/bin/../lib/gcc/arm-none-eabi/10.3.1/../../../../arm-none-eabi/lib/thumb/v7e-m/nofp/libc_nano.a(lib_a-exit.o)
 .debug_frame   0x0000000000000000       0x28 /Applications/STM32CubeIDE.app/Contents/Eclipse/plugins/com.st.stm32cube.ide.mcu.externaltools.gnu-tools-for-stm32.10.3-2021.10.macos64_1.0.200.202301161003/tools/bin/../lib/gcc/arm-none-eabi/10.3.1/../../../../arm-none-eabi/lib/thumb/v7e-m/nofp/libc_nano.a(lib_a-exit.o)
 .ARM.attributes
                0x0000000000000000       0x2e /Applications/STM32CubeIDE.app/Contents/Eclipse/plugins/com.st.stm32cube.ide.mcu.externaltools.gnu-tools-for-stm32.10.3-2021.10.macos64_1.0.200.202301161003/tools/bin/../lib/gcc/arm-none-eabi/10.3.1/../../../../arm-none-eabi/lib/thumb/v7e-m/nofp/libc_nano.a(lib_a-exit.o)
 .text          0x0000000000000000        0x0 /Applications/STM32CubeIDE.app/Contents/Eclipse/plugins/com.st.stm32cube.ide.mcu.externaltools.gnu-tools-for-stm32.10.3-2021.10.macos64_1.0.200.202301161003/tools/bin/../lib/gcc/arm-none-eabi/10.3.1/../../../../arm-none-eabi/lib/thumb/v7e-m/nofp/libc_nano.a(lib_a-impure.o)
 .data          0x0000000000000000        0x0 /Applications/STM32CubeIDE.app/Contents/Eclipse/plugins/com.st.stm32cube.ide.mcu.externaltools.gnu-tools-for-stm32.10.3-2021.10.macos64_1.0.200.202301161003/tools/bin/../lib/gcc/arm-none-eabi/10.3.1/../../../../arm-none-eabi/lib/thumb/v7e-m/nofp/libc_nano.a(lib_a-impure.o)
 .bss           0x0000000000000000        0x0 /Applications/STM32CubeIDE.app/Contents/Eclipse/plugins/com.st.stm32cube.ide.mcu.externaltools.gnu-tools-for-stm32.10.3-2021.10.macos64_1.0.200.202301161003/tools/bin/../lib/gcc/arm-none-eabi/10.3.1/../../../../arm-none-eabi/lib/thumb/v7e-m/nofp/libc_nano.a(lib_a-impure.o)
 .data._impure_ptr
                0x0000000000000000        0x4 /Applications/STM32CubeIDE.app/Contents/Eclipse/plugins/com.st.stm32cube.ide.mcu.externaltools.gnu-tools-for-stm32.10.3-2021.10.macos64_1.0.200.202301161003/tools/bin/../lib/gcc/arm-none-eabi/10.3.1/../../../../arm-none-eabi/lib/thumb/v7e-m/nofp/libc_nano.a(lib_a-impure.o)
 .data.impure_data
                0x0000000000000000       0x60 /Applications/STM32CubeIDE.app/Contents/Eclipse/plugins/com.st.stm32cube.ide.mcu.externaltools.gnu-tools-for-stm32.10.3-2021.10.macos64_1.0.200.202301161003/tools/bin/../lib/gcc/arm-none-eabi/10.3.1/../../../../arm-none-eabi/lib/thumb/v7e-m/nofp/libc_nano.a(lib_a-impure.o)
 .rodata._global_impure_ptr
                0x0000000000000000        0x4 /Applications/STM32CubeIDE.app/Contents/Eclipse/plugins/com.st.stm32cube.ide.mcu.externaltools.gnu-tools-for-stm32.10.3-2021.10.macos64_1.0.200.202301161003/tools/bin/../lib/gcc/arm-none-eabi/10.3.1/../../../../arm-none-eabi/lib/thumb/v7e-m/nofp/libc_nano.a(lib_a-impure.o)
 .ARM.attributes
                0x0000000000000000       0x2e /Applications/STM32CubeIDE.app/Contents/Eclipse/plugins/com.st.stm32cube.ide.mcu.externaltools.gnu-tools-for-stm32.10.3-2021.10.macos64_1.0.200.202301161003/tools/bin/../lib/gcc/arm-none-eabi/10.3.1/../../../../arm-none-eabi/lib/thumb/v7e-m/nofp/libc_nano.a(lib_a-impure.o)
 .text          0x0000000000000000        0x0 /Applications/STM32CubeIDE.app/Contents/Eclipse/plugins/com.st.stm32cube.ide.mcu.externaltools.gnu-tools-for-stm32.10.3-2021.10.macos64_1.0.200.202301161003/tools/bin/../lib/gcc/arm-none-eabi/10.3.1/../../../../arm-none-eabi/lib/thumb/v7e-m/nofp/libc_nano.a(lib_a-init.o)
 .data          0x0000000000000000        0x0 /Applications/STM32CubeIDE.app/Contents/Eclipse/plugins/com.st.stm32cube.ide.mcu.externaltools.gnu-tools-for-stm32.10.3-2021.10.macos64_1.0.200.202301161003/tools/bin/../lib/gcc/arm-none-eabi/10.3.1/../../../../arm-none-eabi/lib/thumb/v7e-m/nofp/libc_nano.a(lib_a-init.o)
 .bss           0x0000000000000000        0x0 /Applications/STM32CubeIDE.app/Contents/Eclipse/plugins/com.st.stm32cube.ide.mcu.externaltools.gnu-tools-for-stm32.10.3-2021.10.macos64_1.0.200.202301161003/tools/bin/../lib/gcc/arm-none-eabi/10.3.1/../../../../arm-none-eabi/lib/thumb/v7e-m/nofp/libc_nano.a(lib_a-init.o)
 .text          0x0000000000000000        0x0 /Applications/STM32CubeIDE.app/Contents/Eclipse/plugins/com.st.stm32cube.ide.mcu.externaltools.gnu-tools-for-stm32.10.3-2021.10.macos64_1.0.200.202301161003/tools/bin/../lib/gcc/arm-none-eabi/10.3.1/../../../../arm-none-eabi/lib/thumb/v7e-m/nofp/libc_nano.a(lib_a-memset.o)
 .data          0x0000000000000000        0x0 /Applications/STM32CubeIDE.app/Contents/Eclipse/plugins/com.st.stm32cube.ide.mcu.externaltools.gnu-tools-for-stm32.10.3-2021.10.macos64_1.0.200.202301161003/tools/bin/../lib/gcc/arm-none-eabi/10.3.1/../../../../arm-none-eabi/lib/thumb/v7e-m/nofp/libc_nano.a(lib_a-memset.o)
 .bss           0x0000000000000000        0x0 /Applications/STM32CubeIDE.app/Contents/Eclipse/plugins/com.st.stm32cube.ide.mcu.externaltools.gnu-tools-for-stm32.10.3-2021.10.macos64_1.0.200.202301161003/tools/bin/../lib/gcc/arm-none-eabi/10.3.1/../../../../arm-none-eabi/lib/thumb/v7e-m/nofp/libc_nano.a(lib_a-memset.o)
 .text          0x0000000000000000        0x0 /Applications/STM32CubeIDE.app/Contents/Eclipse/plugins/com.st.stm32cube.ide.mcu.externaltools.gnu-tools-for-stm32.10.3-2021.10.macos64_1.0.200.202301161003/tools/bin/../lib/gcc/arm-none-eabi/10.3.1/thumb/v7e-m/nofp/crtend.o
 .data          0x0000000000000000        0x0 /Applications/STM32CubeIDE.app/Contents/Eclipse/plugins/com.st.stm32cube.ide.mcu.externaltools.gnu-tools-for-stm32.10.3-2021.10.macos64_1.0.200.202301161003/tools/bin/../lib/gcc/arm-none-eabi/10.3.1/thumb/v7e-m/nofp/crtend.o
 .bss           0x0000000000000000        0x0 /Applications/STM32CubeIDE.app/Contents/Eclipse/plugins/com.st.stm32cube.ide.mcu.externaltools.gnu-tools-for-stm32.10.3-2021.10.macos64_1.0.200.202301161003/tools/bin/../lib/gcc/arm-none-eabi/10.3.1/thumb/v7e-m/nofp/crtend.o
 .rodata        0x0000000000000000       0x24 /Applications/STM32CubeIDE.app/Contents/Eclipse/plugins/com.st.stm32cube.ide.mcu.externaltools.gnu-tools-for-stm32.10.3-2021.10.macos64_1.0.200.202301161003/tools/bin/../lib/gcc/arm-none-eabi/10.3.1/thumb/v7e-m/nofp/crtend.o
 .eh_frame      0x0000000000000000        0x4 /Applications/STM32CubeIDE.app/Contents/Eclipse/plugins/com.st.stm32cube.ide.mcu.externaltools.gnu-tools-for-stm32.10.3-2021.10.macos64_1.0.200.202301161003/tools/bin/../lib/gcc/arm-none-eabi/10.3.1/thumb/v7e-m/nofp/crtend.o
 .ARM.attributes
                0x0000000000000000       0x2e /Applications/STM32CubeIDE.app/Contents/Eclipse/plugins/com.st.stm32cube.ide.mcu.externaltools.gnu-tools-for-stm32.10.3-2021.10.macos64_1.0.200.202301161003/tools/bin/../lib/gcc/arm-none-eabi/10.3.1/thumb/v7e-m/nofp/crtend.o
 .text          0x0000000000000000        0x0 /Applications/STM32CubeIDE.app/Contents/Eclipse/plugins/com.st.stm32cube.ide.mcu.externaltools.gnu-tools-for-stm32.10.3-2021.10.macos64_1.0.200.202301161003/tools/bin/../lib/gcc/arm-none-eabi/10.3.1/thumb/v7e-m/nofp/crtn.o
 .data          0x0000000000000000        0x0 /Applications/STM32CubeIDE.app/Contents/Eclipse/plugins/com.st.stm32cube.ide.mcu.externaltools.gnu-tools-for-stm32.10.3-2021.10.macos64_1.0.200.202301161003/tools/bin/../lib/gcc/arm-none-eabi/10.3.1/thumb/v7e-m/nofp/crtn.o
 .bss           0x0000000000000000        0x0 /Applications/STM32CubeIDE.app/Contents/Eclipse/plugins/com.st.stm32cube.ide.mcu.externaltools.gnu-tools-for-stm32.10.3-2021.10.macos64_1.0.200.202301161003/tools/bin/../lib/gcc/arm-none-eabi/10.3.1/thumb/v7e-m/nofp/crtn.o

Memory Configuration

Name             Origin             Length             Attributes
RAM              0x0000000020000000 0x0000000000020000 xrw
FLASH            0x0000000008000000 0x0000000000080000 xr
*default*        0x0000000000000000 0xffffffffffffffff

Linker script and memory map

LOAD /Applications/STM32CubeIDE.app/Contents/Eclipse/plugins/com.st.stm32cube.ide.mcu.externaltools.gnu-tools-for-stm32.10.3-2021.10.macos64_1.0.200.202301161003/tools/bin/../lib/gcc/arm-none-eabi/10.3.1/thumb/v7e-m/nofp/crti.o
LOAD /Applications/STM32CubeIDE.app/Contents/Eclipse/plugins/com.st.stm32cube.ide.mcu.externaltools.gnu-tools-for-stm32.10.3-2021.10.macos64_1.0.200.202301161003/tools/bin/../lib/gcc/arm-none-eabi/10.3.1/thumb/v7e-m/nofp/crtbegin.o
LOAD /Applications/STM32CubeIDE.app/Contents/Eclipse/plugins/com.st.stm32cube.ide.mcu.externaltools.gnu-tools-for-stm32.10.3-2021.10.macos64_1.0.200.202301161003/tools/bin/../lib/gcc/arm-none-eabi/10.3.1/../../../../arm-none-eabi/lib/thumb/v7e-m/nofp/crt0.o
LOAD ./Drivers/Src/EXTI.o
LOAD ./Drivers/Src/GPIO.o
LOAD ./Drivers/Src/RCC.o
LOAD ./Drivers/Src/SPI.o
LOAD ./Src/main.o
LOAD ./Src/syscalls.o
LOAD ./Src/sysmem.o
LOAD ./Startup/startup_stm32f446zetx.o
START GROUP
LOAD /Applications/STM32CubeIDE.app/Contents/Eclipse/plugins/com.st.stm32cube.ide.mcu.externaltools.gnu-tools-for-stm32.10.3-2021.10.macos64_1.0.200.202301161003/tools/bin/../lib/gcc/arm-none-eabi/10.3.1/../../../../arm-none-eabi/lib/thumb/v7e-m/nofp/libc_nano.a
LOAD /Applications/STM32CubeIDE.app/Contents/Eclipse/plugins/com.st.stm32cube.ide.mcu.externaltools.gnu-tools-for-stm32.10.3-2021.10.macos64_1.0.200.202301161003/tools/bin/../lib/gcc/arm-none-eabi/10.3.1/../../../../arm-none-eabi/lib/thumb/v7e-m/nofp/libm.a
END GROUP
START GROUP
LOAD /Applications/STM32CubeIDE.app/Contents/Eclipse/plugins/com.st.stm32cube.ide.mcu.externaltools.gnu-tools-for-stm32.10.3-2021.10.macos64_1.0.200.202301161003/tools/bin/../lib/gcc/arm-none-eabi/10.3.1/thumb/v7e-m/nofp/libgcc.a
LOAD /Applications/STM32CubeIDE.app/Contents/Eclipse/plugins/com.st.stm32cube.ide.mcu.externaltools.gnu-tools-for-stm32.10.3-2021.10.macos64_1.0.200.202301161003/tools/bin/../lib/gcc/arm-none-eabi/10.3.1/../../../../arm-none-eabi/lib/thumb/v7e-m/nofp/libc_nano.a
END GROUP
START GROUP
LOAD /Applications/STM32CubeIDE.app/Contents/Eclipse/plugins/com.st.stm32cube.ide.mcu.externaltools.gnu-tools-for-stm32.10.3-2021.10.macos64_1.0.200.202301161003/tools/bin/../lib/gcc/arm-none-eabi/10.3.1/thumb/v7e-m/nofp/libgcc.a
LOAD /Applications/STM32CubeIDE.app/Contents/Eclipse/plugins/com.st.stm32cube.ide.mcu.externaltools.gnu-tools-for-stm32.10.3-2021.10.macos64_1.0.200.202301161003/tools/bin/../lib/gcc/arm-none-eabi/10.3.1/../../../../arm-none-eabi/lib/thumb/v7e-m/nofp/libc_nano.a
LOAD /Applications/STM32CubeIDE.app/Contents/Eclipse/plugins/com.st.stm32cube.ide.mcu.externaltools.gnu-tools-for-stm32.10.3-2021.10.macos64_1.0.200.202301161003/tools/bin/../lib/gcc/arm-none-eabi/10.3.1/../../../../arm-none-eabi/lib/thumb/v7e-m/nofp/libnosys.a
END GROUP
START GROUP
LOAD /Applications/STM32CubeIDE.app/Contents/Eclipse/plugins/com.st.stm32cube.ide.mcu.externaltools.gnu-tools-for-stm32.10.3-2021.10.macos64_1.0.200.202301161003/tools/bin/../lib/gcc/arm-none-eabi/10.3.1/thumb/v7e-m/nofp/libgcc.a
LOAD /Applications/STM32CubeIDE.app/Contents/Eclipse/plugins/com.st.stm32cube.ide.mcu.externaltools.gnu-tools-for-stm32.10.3-2021.10.macos64_1.0.200.202301161003/tools/bin/../lib/gcc/arm-none-eabi/10.3.1/../../../../arm-none-eabi/lib/thumb/v7e-m/nofp/libc_nano.a
LOAD /Applications/STM32CubeIDE.app/Contents/Eclipse/plugins/com.st.stm32cube.ide.mcu.externaltools.gnu-tools-for-stm32.10.3-2021.10.macos64_1.0.200.202301161003/tools/bin/../lib/gcc/arm-none-eabi/10.3.1/../../../../arm-none-eabi/lib/thumb/v7e-m/nofp/libnosys.a
END GROUP
LOAD /Applications/STM32CubeIDE.app/Contents/Eclipse/plugins/com.st.stm32cube.ide.mcu.externaltools.gnu-tools-for-stm32.10.3-2021.10.macos64_1.0.200.202301161003/tools/bin/../lib/gcc/arm-none-eabi/10.3.1/thumb/v7e-m/nofp/crtend.o
LOAD /Applications/STM32CubeIDE.app/Contents/Eclipse/plugins/com.st.stm32cube.ide.mcu.externaltools.gnu-tools-for-stm32.10.3-2021.10.macos64_1.0.200.202301161003/tools/bin/../lib/gcc/arm-none-eabi/10.3.1/thumb/v7e-m/nofp/crtn.o
                0x0000000020020000                _estack = (ORIGIN (RAM) + LENGTH (RAM))
                0x0000000000000200                _Min_Heap_Size = 0x200
                0x0000000000000400                _Min_Stack_Size = 0x400

.isr_vector     0x0000000008000000      0x1c4
                0x0000000008000000                . = ALIGN (0x4)
 *(.isr_vector)
 .isr_vector    0x0000000008000000      0x1c4 ./Startup/startup_stm32f446zetx.o
                0x0000000008000000                g_pfnVectors
                0x00000000080001c4                . = ALIGN (0x4)

.text           0x00000000080001c4      0x5cc
                0x00000000080001c4                . = ALIGN (0x4)
 *(.text)
 .text          0x00000000080001c4       0x40 /Applications/STM32CubeIDE.app/Contents/Eclipse/plugins/com.st.stm32cube.ide.mcu.externaltools.gnu-tools-for-stm32.10.3-2021.10.macos64_1.0.200.202301161003/tools/bin/../lib/gcc/arm-none-eabi/10.3.1/thumb/v7e-m/nofp/crtbegin.o
 *(.text*)
 .text.EXTI_Init
                0x0000000008000204      0x120 ./Drivers/Src/EXTI.o
                0x0000000008000204                EXTI_Init
 .text.EXTI_LineConfig
                0x0000000008000324       0x64 ./Drivers/Src/EXTI.o
                0x0000000008000324                EXTI_LineConfig
 .text.NVIC_EnableInterrupt
                0x0000000008000388       0x66 ./Drivers/Src/EXTI.o
                0x0000000008000388                NVIC_EnableInterrupt
 .text.GPIO_Init
                0x00000000080003ee      0x16a ./Drivers/Src/GPIO.o
                0x00000000080003ee                GPIO_Init
 .text.GPIO_WritePin
                0x0000000008000558       0x32 ./Drivers/Src/GPIO.o
                0x0000000008000558                GPIO_WritePin
 *fill*         0x000000000800058a        0x2 
 .text.EXTI15_10_IRQHandler
                0x000000000800058c       0x34 ./Src/main.o
                0x000000000800058c                EXTI15_10_IRQHandler
 .text.main     0x00000000080005c0        0xe ./Src/main.o
                0x00000000080005c0                main
 *fill*         0x00000000080005ce        0x2 
 .text.GPIO_Config
                0x00000000080005d0       0xa4 ./Src/main.o
 .text.GPIO_ButtonInterruptConfig
                0x0000000008000674       0x58 ./Src/main.o
 .text.Reset_Handler
                0x00000000080006cc       0x50 ./Startup/startup_stm32f446zetx.o
                0x00000000080006cc                Reset_Handler
 .text.Default_Handler
                0x000000000800071c        0x2 ./Startup/startup_stm32f446zetx.o
                0x000000000800071c                DMA1_Stream3_IRQHandler
                0x000000000800071c                EXTI2_IRQHandler
                0x000000000800071c                TIM8_CC_IRQHandler
                0x000000000800071c                SPDIF_Rx_IRQHandler
                0x000000000800071c                DebugMon_Handler
                0x000000000800071c                SPI4_IRQHandler
                0x000000000800071c                TIM1_CC_IRQHandler
                0x000000000800071c                QuadSPI_IRQHandler
                0x000000000800071c                DMA2_Stream5_IRQHandler
                0x000000000800071c                HardFault_Handler
                0x000000000800071c                DMA1_Stream5_IRQHandler
                0x000000000800071c                SysTick_Handler
                0x000000000800071c                PVD_IRQHandler
                0x000000000800071c                SDIO_IRQHandler
                0x000000000800071c                TAMP_STAMP_IRQHandler
                0x000000000800071c                PendSV_Handler
                0x000000000800071c                NMI_Handler
                0x000000000800071c                CAN2_RX1_IRQHandler
                0x000000000800071c                EXTI3_IRQHandler
                0x000000000800071c                TIM8_TRG_COM_TIM14_IRQHandler
                0x000000000800071c                TIM1_UP_TIM10_IRQHandler
                0x000000000800071c                FMPI2C1_error_IRQHandler
                0x000000000800071c                TIM8_UP_TIM13_IRQHandler
                0x000000000800071c                I2C3_ER_IRQHandler
                0x000000000800071c                EXTI0_IRQHandler
                0x000000000800071c                I2C2_EV_IRQHandler
                0x000000000800071c                DMA1_Stream2_IRQHandler
                0x000000000800071c                CAN1_RX0_IRQHandler
                0x000000000800071c                OTG_HS_WKUP_IRQHandler
                0x000000000800071c                UsageFault_Handler
                0x000000000800071c                CAN2_SCE_IRQHandler
                0x000000000800071c                DMA2_Stream2_IRQHandler
                0x000000000800071c                SPI1_IRQHandler
                0x000000000800071c                TIM6_DAC_IRQHandler
                0x000000000800071c                TIM1_BRK_TIM9_IRQHandler
                0x000000000800071c                DCMI_IRQHandler
                0x000000000800071c                CAN2_RX0_IRQHandler
                0x000000000800071c                DMA2_Stream3_IRQHandler
                0x000000000800071c                FMPI2C1_IRQHandler
                0x000000000800071c                SAI2_IRQHandler
                0x000000000800071c                USART6_IRQHandler
                0x000000000800071c                USART3_IRQHandler
                0x000000000800071c                CAN1_RX1_IRQHandler
                0x000000000800071c                UART5_IRQHandler
                0x000000000800071c                DMA2_Stream0_IRQHandler
                0x000000000800071c                TIM4_IRQHandler
                0x000000000800071c                I2C1_EV_IRQHandler
                0x000000000800071c                HDMI_CEC_IRQHandler
                0x000000000800071c                DMA1_Stream6_IRQHandler
                0x000000000800071c                DMA1_Stream1_IRQHandler
                0x000000000800071c                UART4_IRQHandler
                0x000000000800071c                TIM3_IRQHandler
                0x000000000800071c                RCC_IRQHandler
                0x000000000800071c                TIM8_BRK_TIM12_IRQHandler
                0x000000000800071c                Default_Handler
                0x000000000800071c                ADC_IRQHandler
                0x000000000800071c                DMA1_Stream7_IRQHandler
                0x000000000800071c                TIM7_IRQHandler
                0x000000000800071c                CAN2_TX_IRQHandler
                0x000000000800071c                TIM5_IRQHandler
                0x000000000800071c                DMA2_Stream7_IRQHandler
                0x000000000800071c                I2C3_EV_IRQHandler
                0x000000000800071c                EXTI9_5_IRQHandler
                0x000000000800071c                RTC_WKUP_IRQHandler
                0x000000000800071c                SPI2_IRQHandler
                0x000000000800071c                OTG_HS_EP1_IN_IRQHandler
                0x000000000800071c                MemManage_Handler
                0x000000000800071c                DMA1_Stream0_IRQHandler
                0x000000000800071c                CAN1_TX_IRQHandler
                0x000000000800071c                SVC_Handler
                0x000000000800071c                EXTI4_IRQHandler
                0x000000000800071c                OTG_HS_EP1_OUT_IRQHandler
                0x000000000800071c                WWDG_IRQHandler
                0x000000000800071c                TIM2_IRQHandler
                0x000000000800071c                OTG_FS_WKUP_IRQHandler
                0x000000000800071c                TIM1_TRG_COM_TIM11_IRQHandler
                0x000000000800071c                OTG_HS_IRQHandler
                0x000000000800071c                EXTI1_IRQHandler
                0x000000000800071c                USART2_IRQHandler
                0x000000000800071c                I2C2_ER_IRQHandler
                0x000000000800071c                DMA2_Stream1_IRQHandler
                0x000000000800071c                CAN1_SCE_IRQHandler
                0x000000000800071c                FLASH_IRQHandler
                0x000000000800071c                DMA2_Stream4_IRQHandler
                0x000000000800071c                BusFault_Handler
                0x000000000800071c                USART1_IRQHandler
                0x000000000800071c                OTG_FS_IRQHandler
                0x000000000800071c                SPI3_IRQHandler
                0x000000000800071c                DMA1_Stream4_IRQHandler
                0x000000000800071c                I2C1_ER_IRQHandler
                0x000000000800071c                FMC_IRQHandler
                0x000000000800071c                DMA2_Stream6_IRQHandler
                0x000000000800071c                SAI1_IRQHandler
                0x000000000800071c                RTC_Alarm_IRQHandler
 *fill*         0x000000000800071e        0x2 
 .text.__libc_init_array
                0x0000000008000720       0x48 /Applications/STM32CubeIDE.app/Contents/Eclipse/plugins/com.st.stm32cube.ide.mcu.externaltools.gnu-tools-for-stm32.10.3-2021.10.macos64_1.0.200.202301161003/tools/bin/../lib/gcc/arm-none-eabi/10.3.1/../../../../arm-none-eabi/lib/thumb/v7e-m/nofp/libc_nano.a(lib_a-init.o)
                0x0000000008000720                __libc_init_array
 .text.memset   0x0000000008000768       0x10 /Applications/STM32CubeIDE.app/Contents/Eclipse/plugins/com.st.stm32cube.ide.mcu.externaltools.gnu-tools-for-stm32.10.3-2021.10.macos64_1.0.200.202301161003/tools/bin/../lib/gcc/arm-none-eabi/10.3.1/../../../../arm-none-eabi/lib/thumb/v7e-m/nofp/libc_nano.a(lib_a-memset.o)
                0x0000000008000768                memset
 *(.glue_7)
 .glue_7        0x0000000008000778        0x0 linker stubs
 *(.glue_7t)
 .glue_7t       0x0000000008000778        0x0 linker stubs
 *(.eh_frame)
 .eh_frame      0x0000000008000778        0x0 /Applications/STM32CubeIDE.app/Contents/Eclipse/plugins/com.st.stm32cube.ide.mcu.externaltools.gnu-tools-for-stm32.10.3-2021.10.macos64_1.0.200.202301161003/tools/bin/../lib/gcc/arm-none-eabi/10.3.1/thumb/v7e-m/nofp/crtbegin.o
 *(.init)
 .init          0x0000000008000778        0x4 /Applications/STM32CubeIDE.app/Contents/Eclipse/plugins/com.st.stm32cube.ide.mcu.externaltools.gnu-tools-for-stm32.10.3-2021.10.macos64_1.0.200.202301161003/tools/bin/../lib/gcc/arm-none-eabi/10.3.1/thumb/v7e-m/nofp/crti.o
                0x0000000008000778                _init
 .init          0x000000000800077c        0x8 /Applications/STM32CubeIDE.app/Contents/Eclipse/plugins/com.st.stm32cube.ide.mcu.externaltools.gnu-tools-for-stm32.10.3-2021.10.macos64_1.0.200.202301161003/tools/bin/../lib/gcc/arm-none-eabi/10.3.1/thumb/v7e-m/nofp/crtn.o
 *(.fini)
 .fini          0x0000000008000784        0x4 /Applications/STM32CubeIDE.app/Contents/Eclipse/plugins/com.st.stm32cube.ide.mcu.externaltools.gnu-tools-for-stm32.10.3-2021.10.macos64_1.0.200.202301161003/tools/bin/../lib/gcc/arm-none-eabi/10.3.1/thumb/v7e-m/nofp/crti.o
                0x0000000008000784                _fini
 .fini          0x0000000008000788        0x8 /Applications/STM32CubeIDE.app/Contents/Eclipse/plugins/com.st.stm32cube.ide.mcu.externaltools.gnu-tools-for-stm32.10.3-2021.10.macos64_1.0.200.202301161003/tools/bin/../lib/gcc/arm-none-eabi/10.3.1/thumb/v7e-m/nofp/crtn.o
                0x0000000008000790                . = ALIGN (0x4)
                0x0000000008000790                _etext = .

.vfp11_veneer   0x0000000008000790        0x0
 .vfp11_veneer  0x0000000008000790        0x0 linker stubs

.v4_bx          0x0000000008000790        0x0
 .v4_bx         0x0000000008000790        0x0 linker stubs

.iplt           0x0000000008000790        0x0
 .iplt          0x0000000008000790        0x0 /Applications/STM32CubeIDE.app/Contents/Eclipse/plugins/com.st.stm32cube.ide.mcu.externaltools.gnu-tools-for-stm32.10.3-2021.10.macos64_1.0.200.202301161003/tools/bin/../lib/gcc/arm-none-eabi/10.3.1/thumb/v7e-m/nofp/crtbegin.o

.rel.dyn        0x0000000008000790        0x0
 .rel.iplt      0x0000000008000790        0x0 /Applications/STM32CubeIDE.app/Contents/Eclipse/plugins/com.st.stm32cube.ide.mcu.externaltools.gnu-tools-for-stm32.10.3-2021.10.macos64_1.0.200.202301161003/tools/bin/../lib/gcc/arm-none-eabi/10.3.1/thumb/v7e-m/nofp/crtbegin.o

.rodata         0x0000000008000790        0x0
                0x0000000008000790                . = ALIGN (0x4)
 *(.rodata)
 *(.rodata*)
                0x0000000008000790                . = ALIGN (0x4)

.ARM.extab      0x0000000008000790        0x0
                0x0000000008000790                . = ALIGN (0x4)
 *(.ARM.extab* .gnu.linkonce.armextab.*)
                0x0000000008000790                . = ALIGN (0x4)

.ARM            0x0000000008000790        0x0
                0x0000000008000790                . = ALIGN (0x4)
                0x0000000008000790                __exidx_start = .
 *(.ARM.exidx*)
                0x0000000008000790                __exidx_end = .
                0x0000000008000790                . = ALIGN (0x4)

.preinit_array  0x0000000008000790        0x0
                0x0000000008000790                . = ALIGN (0x4)
                0x0000000008000790                PROVIDE (__preinit_array_start = .)
 *(.preinit_array*)
                0x0000000008000790                PROVIDE (__preinit_array_end = .)
                0x0000000008000790                . = ALIGN (0x4)

.init_array     0x0000000008000790        0x4
                0x0000000008000790                . = ALIGN (0x4)
                0x0000000008000790                PROVIDE (__init_array_start = .)
 *(SORT_BY_NAME(.init_array.*))
 *(.init_array*)
 .init_array    0x0000000008000790        0x4 /Applications/STM32CubeIDE.app/Contents/Eclipse/plugins/com.st.stm32cube.ide.mcu.externaltools.gnu-tools-for-stm32.10.3-2021.10.macos64_1.0.200.202301161003/tools/bin/../lib/gcc/arm-none-eabi/10.3.1/thumb/v7e-m/nofp/crtbegin.o
                0x0000000008000794                PROVIDE (__init_array_end = .)
                0x0000000008000794                . = ALIGN (0x4)

.fini_array     0x0000000008000794        0x4
                0x0000000008000794                . = ALIGN (0x4)
                [!provide]                        PROVIDE (__fini_array_start = .)
 *(SORT_BY_NAME(.fini_array.*))
 *(.fini_array*)
 .fini_array    0x0000000008000794        0x4 /Applications/STM32CubeIDE.app/Contents/Eclipse/plugins/com.st.stm32cube.ide.mcu.externaltools.gnu-tools-for-stm32.10.3-2021.10.macos64_1.0.200.202301161003/tools/bin/../lib/gcc/arm-none-eabi/10.3.1/thumb/v7e-m/nofp/crtbegin.o
                [!provide]                        PROVIDE (__fini_array_end = .)
                0x0000000008000798                . = ALIGN (0x4)
                0x0000000008000798                _sidata = LOADADDR (.data)

.data           0x0000000020000000        0x0 load address 0x0000000008000798
                0x0000000020000000                . = ALIGN (0x4)
                0x0000000020000000                _sdata = .
 *(.data)
 *(.data*)
 *(.RamFunc)
 *(.RamFunc*)
                0x0000000020000000                . = ALIGN (0x4)
                0x0000000020000000                _edata = .

.igot.plt       0x0000000020000000        0x0 load address 0x0000000008000798
 .igot.plt      0x0000000020000000        0x0 /Applications/STM32CubeIDE.app/Contents/Eclipse/plugins/com.st.stm32cube.ide.mcu.externaltools.gnu-tools-for-stm32.10.3-2021.10.macos64_1.0.200.202301161003/tools/bin/../lib/gcc/arm-none-eabi/10.3.1/thumb/v7e-m/nofp/crtbegin.o
                0x0000000020000000                . = ALIGN (0x4)

.bss            0x0000000020000000       0x1c load address 0x0000000008000798
                0x0000000020000000                _sbss = .
                0x0000000020000000                __bss_start__ = _sbss
 *(.bss)
 .bss           0x0000000020000000       0x1c /Applications/STM32CubeIDE.app/Contents/Eclipse/plugins/com.st.stm32cube.ide.mcu.externaltools.gnu-tools-for-stm32.10.3-2021.10.macos64_1.0.200.202301161003/tools/bin/../lib/gcc/arm-none-eabi/10.3.1/thumb/v7e-m/nofp/crtbegin.o
 *(.bss*)
 *(COMMON)
                0x000000002000001c                . = ALIGN (0x4)
                0x000000002000001c                _ebss = .
                0x000000002000001c                __bss_end__ = _ebss

._user_heap_stack
                0x000000002000001c      0x604 load address 0x0000000008000798
                0x0000000020000020                . = ALIGN (0x8)
 *fill*         0x000000002000001c        0x4 
                [!provide]                        PROVIDE (end = .)
                0x0000000020000020                PROVIDE (_end = .)
                0x0000000020000220                . = (. + _Min_Heap_Size)
 *fill*         0x0000000020000020      0x200 
                0x0000000020000620                . = (. + _Min_Stack_Size)
 *fill*         0x0000000020000220      0x400 
                0x0000000020000620                . = ALIGN (0x8)

/DISCARD/
 libc.a(*)
 libm.a(*)
 libgcc.a(*)

.ARM.attributes
                0x0000000000000000       0x2a
 *(.ARM.attributes)
 .ARM.attributes
                0x0000000000000000       0x1e /Applications/STM32CubeIDE.app/Contents/Eclipse/plugins/com.st.stm32cube.ide.mcu.externaltools.gnu-tools-for-stm32.10.3-2021.10.macos64_1.0.200.202301161003/tools/bin/../lib/gcc/arm-none-eabi/10.3.1/thumb/v7e-m/nofp/crti.o
 .ARM.attributes
                0x000000000000001e       0x2e /Applications/STM32CubeIDE.app/Contents/Eclipse/plugins/com.st.stm32cube.ide.mcu.externaltools.gnu-tools-for-stm32.10.3-2021.10.macos64_1.0.200.202301161003/tools/bin/../lib/gcc/arm-none-eabi/10.3.1/thumb/v7e-m/nofp/crtbegin.o
 .ARM.attributes
                0x000000000000004c       0x2e ./Drivers/Src/EXTI.o
 .ARM.attributes
                0x000000000000007a       0x2e ./Drivers/Src/GPIO.o
 .ARM.attributes
                0x00000000000000a8       0x2e ./Src/main.o
 .ARM.attributes
                0x00000000000000d6       0x21 ./Startup/startup_stm32f446zetx.o
 .ARM.attributes
                0x00000000000000f7       0x2e /Applications/STM32CubeIDE.app/Contents/Eclipse/plugins/com.st.stm32cube.ide.mcu.externaltools.gnu-tools-for-stm32.10.3-2021.10.macos64_1.0.200.202301161003/tools/bin/../lib/gcc/arm-none-eabi/10.3.1/../../../../arm-none-eabi/lib/thumb/v7e-m/nofp/libc_nano.a(lib_a-init.o)
 .ARM.attributes
                0x0000000000000125       0x2e /Applications/STM32CubeIDE.app/Contents/Eclipse/plugins/com.st.stm32cube.ide.mcu.externaltools.gnu-tools-for-stm32.10.3-2021.10.macos64_1.0.200.202301161003/tools/bin/../lib/gcc/arm-none-eabi/10.3.1/../../../../arm-none-eabi/lib/thumb/v7e-m/nofp/libc_nano.a(lib_a-memset.o)
 .ARM.attributes
                0x0000000000000153       0x1e /Applications/STM32CubeIDE.app/Contents/Eclipse/plugins/com.st.stm32cube.ide.mcu.externaltools.gnu-tools-for-stm32.10.3-2021.10.macos64_1.0.200.202301161003/tools/bin/../lib/gcc/arm-none-eabi/10.3.1/thumb/v7e-m/nofp/crtn.o
OUTPUT(driverDevelopment.elf elf32-littlearm)
LOAD linker stubs
LOAD /Applications/STM32CubeIDE.app/Contents/Eclipse/plugins/com.st.stm32cube.ide.mcu.externaltools.gnu-tools-for-stm32.10.3-2021.10.macos64_1.0.200.202301161003/tools/bin/../lib/gcc/arm-none-eabi/10.3.1/../../../../arm-none-eabi/lib/thumb/v7e-m/nofp/libc.a
LOAD /Applications/STM32CubeIDE.app/Contents/Eclipse/plugins/com.st.stm32cube.ide.mcu.externaltools.gnu-tools-for-stm32.10.3-2021.10.macos64_1.0.200.202301161003/tools/bin/../lib/gcc/arm-none-eabi/10.3.1/../../../../arm-none-eabi/lib/thumb/v7e-m/nofp/libm.a
LOAD /Applications/STM32CubeIDE.app/Contents/Eclipse/plugins/com.st.stm32cube.ide.mcu.externaltools.gnu-tools-for-stm32.10.3-2021.10.macos64_1.0.200.202301161003/tools/bin/../lib/gcc/arm-none-eabi/10.3.1/thumb/v7e-m/nofp/libgcc.a

.debug_info     0x0000000000000000      0xe69
 .debug_info    0x0000000000000000      0x2fb ./Drivers/Src/EXTI.o
 .debug_info    0x00000000000002fb      0x36f ./Drivers/Src/GPIO.o
 .debug_info    0x000000000000066a      0x7dd ./Src/main.o
 .debug_info    0x0000000000000e47       0x22 ./Startup/startup_stm32f446zetx.o

.debug_abbrev   0x0000000000000000      0x3c7
 .debug_abbrev  0x0000000000000000      0x118 ./Drivers/Src/EXTI.o
 .debug_abbrev  0x0000000000000118      0x107 ./Drivers/Src/GPIO.o
 .debug_abbrev  0x000000000000021f      0x196 ./Src/main.o
 .debug_abbrev  0x00000000000003b5       0x12 ./Startup/startup_stm32f446zetx.o

.debug_aranges  0x0000000000000000       0xd8
 .debug_aranges
                0x0000000000000000       0x30 ./Drivers/Src/EXTI.o
 .debug_aranges
                0x0000000000000030       0x40 ./Drivers/Src/GPIO.o
 .debug_aranges
                0x0000000000000070       0x40 ./Src/main.o
 .debug_aranges
                0x00000000000000b0       0x28 ./Startup/startup_stm32f446zetx.o

.debug_ranges   0x0000000000000000       0xa0
 .debug_ranges  0x0000000000000000       0x20 ./Drivers/Src/EXTI.o
 .debug_ranges  0x0000000000000020       0x30 ./Drivers/Src/GPIO.o
 .debug_ranges  0x0000000000000050       0x30 ./Src/main.o
 .debug_ranges  0x0000000000000080       0x20 ./Startup/startup_stm32f446zetx.o

.debug_macro    0x0000000000000000     0x2426
 .debug_macro   0x0000000000000000      0x181 ./Drivers/Src/EXTI.o
 .debug_macro   0x0000000000000181      0xa78 ./Drivers/Src/EXTI.o
 .debug_macro   0x0000000000000bf9       0x22 ./Drivers/Src/EXTI.o
 .debug_macro   0x0000000000000c1b       0x8e ./Drivers/Src/EXTI.o
 .debug_macro   0x0000000000000ca9       0x51 ./Drivers/Src/EXTI.o
 .debug_macro   0x0000000000000cfa      0x103 ./Drivers/Src/EXTI.o
 .debug_macro   0x0000000000000dfd       0x6a ./Drivers/Src/EXTI.o
 .debug_macro   0x0000000000000e67      0x1df ./Drivers/Src/EXTI.o
 .debug_macro   0x0000000000001046       0x52 ./Drivers/Src/EXTI.o
 .debug_macro   0x0000000000001098       0x18 ./Drivers/Src/EXTI.o
 .debug_macro   0x00000000000010b0       0x3c ./Drivers/Src/EXTI.o
 .debug_macro   0x00000000000010ec       0x34 ./Drivers/Src/EXTI.o
 .debug_macro   0x0000000000001120      0x174 ./Drivers/Src/EXTI.o
 .debug_macro   0x0000000000001294       0x16 ./Drivers/Src/EXTI.o
 .debug_macro   0x00000000000012aa       0x43 ./Drivers/Src/EXTI.o
 .debug_macro   0x00000000000012ed       0x34 ./Drivers/Src/EXTI.o
 .debug_macro   0x0000000000001321       0x10 ./Drivers/Src/EXTI.o
 .debug_macro   0x0000000000001331       0x58 ./Drivers/Src/EXTI.o
 .debug_macro   0x0000000000001389       0x71 ./Drivers/Src/EXTI.o
 .debug_macro   0x00000000000013fa       0x1c ./Drivers/Src/EXTI.o
 .debug_macro   0x0000000000001416      0x12a ./Drivers/Src/EXTI.o
 .debug_macro   0x0000000000001540      0x341 ./Drivers/Src/EXTI.o
 .debug_macro   0x0000000000001881       0x10 ./Drivers/Src/EXTI.o
 .debug_macro   0x0000000000001891       0x35 ./Drivers/Src/EXTI.o
 .debug_macro   0x00000000000018c6       0x20 ./Drivers/Src/EXTI.o
 .debug_macro   0x00000000000018e6      0x39e ./Drivers/Src/EXTI.o
 .debug_macro   0x0000000000001c84       0x70 ./Drivers/Src/EXTI.o
 .debug_macro   0x0000000000001cf4      0x11e ./Drivers/Src/EXTI.o
 .debug_macro   0x0000000000001e12       0x9a ./Drivers/Src/EXTI.o
 .debug_macro   0x0000000000001eac       0xb2 ./Drivers/Src/EXTI.o
 .debug_macro   0x0000000000001f5e      0x181 ./Drivers/Src/GPIO.o
 .debug_macro   0x00000000000020df       0xb8 ./Drivers/Src/GPIO.o
 .debug_macro   0x0000000000002197      0x118 ./Drivers/Src/GPIO.o
 .debug_macro   0x00000000000022af      0x177 ./Src/main.o

.debug_line     0x0000000000000000     0x14c8
 .debug_line    0x0000000000000000      0x6d8 ./Drivers/Src/EXTI.o
 .debug_line    0x00000000000006d8      0x723 ./Drivers/Src/GPIO.o
 .debug_line    0x0000000000000dfb      0x649 ./Src/main.o
 .debug_line    0x0000000000001444       0x84 ./Startup/startup_stm32f446zetx.o

.debug_str      0x0000000000000000     0x9e47
 .debug_str     0x0000000000000000     0x9a88 ./Drivers/Src/EXTI.o
                                       0x9c8a (size before relaxing)
 .debug_str     0x0000000000009a88      0x158 ./Drivers/Src/GPIO.o
                                       0x9c25 (size before relaxing)
 .debug_str     0x0000000000009be0      0x236 ./Src/main.o
                                       0x9f3e (size before relaxing)
 .debug_str     0x0000000000009e16       0x31 ./Startup/startup_stm32f446zetx.o
                                         0x77 (size before relaxing)

.comment        0x0000000000000000       0x50
 .comment       0x0000000000000000       0x50 ./Drivers/Src/EXTI.o
                                         0x51 (size before relaxing)
 .comment       0x0000000000000050       0x51 ./Drivers/Src/GPIO.o
 .comment       0x0000000000000050       0x51 ./Src/main.o

.debug_frame    0x0000000000000000      0x260
 .debug_frame   0x0000000000000000       0x88 ./Drivers/Src/EXTI.o
 .debug_frame   0x0000000000000088       0xd8 ./Drivers/Src/GPIO.o
 .debug_frame   0x0000000000000160       0xb4 ./Src/main.o
 .debug_frame   0x0000000000000214       0x2c /Applications/STM32CubeIDE.app/Contents/Eclipse/plugins/com.st.stm32cube.ide.mcu.externaltools.gnu-tools-for-stm32.10.3-2021.10.macos64_1.0.200.202301161003/tools/bin/../lib/gcc/arm-none-eabi/10.3.1/../../../../arm-none-eabi/lib/thumb/v7e-m/nofp/libc_nano.a(lib_a-init.o)
 .debug_frame   0x0000000000000240       0x20 /Applications/STM32CubeIDE.app/Contents/Eclipse/plugins/com.st.stm32cube.ide.mcu.externaltools.gnu-tools-for-stm32.10.3-2021.10.macos64_1.0.200.202301161003/tools/bin/../lib/gcc/arm-none-eabi/10.3.1/../../../../arm-none-eabi/lib/thumb/v7e-m/nofp/libc_nano.a(lib_a-memset.o)
